[2026-06-08T00:26:36+0700] [MainThread] [I] [toil.lib.history] Recording workflow creation of 1fb8c44e-3555-4802-8660-9618fc49aa85 in file:/home/shadowplay/bioinformatics/task3/my-job-store
[2026-06-08T00:26:36+0700] [MainThread] [I] [toil.lib.history] Workflow 1fb8c44e-3555-4802-8660-9618fc49aa85 is a run of /home/shadowplay/bioinformatics/task3/pipeline.py
[2026-06-08T00:26:36+0700] [MainThread] [I] [toil] Running Toil version 9.5.0-855577413b6e3ceb33a90b3ec415e7a3fc0badba on host DESKTOP-S2VAAPI.
[2026-06-08T00:26:36+0700] [MainThread] [I] [toil.realtimeLogger] Starting real-time logging.
[2026-06-08T00:26:36+0700] [MainThread] [I] [toil.leader] Issued job 'Job' kind-Job/instance-71s2qpb9 v1 with job batch system ID: 1 and disk: 2.0 Gi, memory: 2.0 Gi, cores: 1, accelerators: [], preemptible: False
[2026-06-08T00:26:37+0700] [MainThread] [I] [toil.leader] 0 jobs are running, 0 jobs are issued and waiting to run
[2026-06-08T00:26:37+0700] [MainThread] [I] [toil.leader] Issued job 'index_reference' kind-index_reference/instance-u4n63ao5 v1 with job batch system ID: 2 and disk: 2.0 Gi, memory: 2.0 Gi, cores: 1, accelerators: [], preemptible: False
[2026-06-08T00:26:37+0700] [MainThread] [I] [toil.leader] Issued job 'run_fastqc' kind-run_fastqc/instance-gwwsb1sd v1 with job batch system ID: 3 and disk: 2.0 Gi, memory: 2.0 Gi, cores: 1, accelerators: [], preemptible: False
[2026-06-08T00:26:37+0700] [MainThread] [I] [toil-rt] Launching fastqc for /home/shadowplay/bioinformatics/task3/ERR15404843.fastq.gz
[2026-06-08T00:26:39+0700] [MainThread] [I] [toil-rt] alignment ERR15404843
[2026-06-08T00:26:47+0700] [Thread-4 (statsAndLoggingAggregator)] [W] [toil.statsAndLogging] Got message from job at time 06-08-2026 00:26:47: Job 'run_fastqc' kind-run_fastqc/instance-gwwsb1sd v2 used 1.09x more CPU than the requested 1 cores. Consider increasing the job's required CPU cores or limiting the number of processes/threads launched.
[2026-06-08T00:26:50+0700] [MainThread] [I] [toil-rt] Convertion and sort ERR15404843
[2026-06-08T00:26:56+0700] [MainThread] [I] [toil-rt] flagstat ERR15404843
[2026-06-08T00:26:56+0700] [MainThread] [I] [toil-rt] Percentage 99.35%
[2026-06-08T00:26:56+0700] [MainThread] [I] [toil-rt] OK
[2026-06-08T00:26:56+0700] [MainThread] [I] [toil-rt] Launching freebayes for ERR15404843
[2026-06-08T00:27:28+0700] [Thread-4 (statsAndLoggingAggregator)] [W] [toil.statsAndLogging] Got message from job at time 06-08-2026 00:27:28: Job 'align_reads' kind-index_reference/instance-u4n63ao5 v4 used 4.33x more CPU than the requested 1 cores. Consider increasing the job's required CPU cores or limiting the number of processes/threads launched.
[2026-06-08T00:27:28+0700] [Thread-4 (statsAndLoggingAggregator)] [W] [toil.statsAndLogging] Got message from job at time 06-08-2026 00:27:28: Job 'call_variants' kind-index_reference/instance-u4n63ao5 v13 used 1.08x more CPU than the requested 1 cores. Consider increasing the job's required CPU cores or limiting the number of processes/threads launched.
[2026-06-08T00:27:32+0700] [MainThread] [I] [toil.leader] Finished toil run successfully.

Workflow Progress 100%|█████████████████████████████████████████████████████████████████| 3/3 (0 failures) [00:54<00:00, 0.06 jobs/s]
[2026-06-08T00:27:32+0700] [MainThread] [I] [toil.realtimeLogger] Stopping real-time logging server.
[2026-06-08T00:27:32+0700] [MainThread] [I] [toil.realtimeLogger] Joining real-time logging server thread.
[2026-06-08T00:27:32+0700] [MainThread] [I] [toil.lib.history] Workflow 1fb8c44e-3555-4802-8660-9618fc49aa85 stopped. Success: True
[2026-06-08T00:27:32+0700] [MainThread] [I] [toil.common] Successfully deleted the job store: FileJobStore(/home/shadowplay/bioinformatics/task3/my-job-store)
